../Core/Src/main.c:68:6:push	112	static
../Core/Src/main.c:91:7:motor	8	static
../Core/Src/main.c:107:5:main	8	static
../Core/Src/main.c:154:6:SystemClock_Config	88	static
../Core/Src/main.c:200:13:MX_ADC1_Init	24	static
../Core/Src/main.c:252:13:MX_TIM4_Init	48	static
../Core/Src/main.c:301:13:MX_USART3_UART_Init	8	static
../Core/Src/main.c:334:13:MX_USB_OTG_FS_PCD_Init	8	static
../Core/Src/main.c:369:13:MX_GPIO_Init	56	static
../Core/Src/main.c:470:6:Error_Handler	4	static,ignoring_inline_asm
